IPTV神器ProIPTV神器Pro更新中...🚀 IPTV神器ProCOMMING SOON ...系统维护中 🛠️
    预计剩余时间: 计算中...
💬 我要留言回复给:  取消提交留言111112026-06-17 19:35:13回复预计剩余时间: 预计剩余时间:FIFA2026-真4k&双杜比直播源2026-06-17 15:48:57回复http://82.156.243.185:33389/fwc.m3u国外频道2026-06-17 14:11:03回复翡翠台,http://push.cdn1.hls123.de:8080/streams/ef5addc0849/index.m3u8
明珠台,http://push.cdn1.hls123.de:8080/streams/89a8p45a15e/index.m3u8
TVB Plus,http://push.cdn1.hls123.de:8080/streams/gw8n98gubb4/index.m3u8
无线新闻,http://push.cdn1.hls123.de:8080/streams/n66wwnx3l7i/index.m3u8
TVB星河,http://push.cdn1.hls123.de:8080/streams/hbiwgswysds/index.m3u8
华丽翡翠台,http://push.cdn1.hls123.de:8080/streams/n6dnsi33w2e/index.m3u8
ViuTV,http://push.cdn1.hls123.de:8080/streams/iewbjlpp9v/index.m3u8
ViuTVsix,http://push.cdn1.hls123.de:8080/streams/5lthhpr4cx3/index.m3u8
Now新闻台,http://push.cdn1.hls123.de:8080/streams/zed7kdzyh1/index.m3u8
HOY TV,http://push.cdn1.hls123.de:8080/streams/dguce4v9b69/index.m3u8
HOY资讯台,http://push.cdn1.hls123.de:8080/streams/xeblk620c0e/index.m3u8
凤凰中文,http://push.cdn1.hls123.de:8080/streams/a4y2t99pzyi/index.m3u8
凤凰资讯,http://push.cdn1.hls123.de:8080/streams/0u0qd5ovqkg/index.m3u8
凤凰香港,http://push.cdn1.hls123.de:8080/streams/898y722sqjr/index.m3u8
澳视澳门,http://push.cdn1.hls123.de:8080/streams/2r8ba88ujh6/index.m3u8
澳视卫星,http://push.cdn1.hls123.de:8080/streams/gese9d57376/index.m3u8
澳门莲花,http://push.cdn1.hls123.de:8080/streams/8nsrl4s4evv/index.m3u8
明珠台,http://push.cdn1.hls123.de:8080/streams/89a8p45a15e/index.m3u8
TVB Plus,http://push.cdn1.hls123.de:8080/streams/gw8n98gubb4/index.m3u8
无线新闻,http://push.cdn1.hls123.de:8080/streams/n66wwnx3l7i/index.m3u8
TVB星河,http://push.cdn1.hls123.de:8080/streams/hbiwgswysds/index.m3u8
华丽翡翠台,http://push.cdn1.hls123.de:8080/streams/n6dnsi33w2e/index.m3u8
ViuTV,http://push.cdn1.hls123.de:8080/streams/iewbjlpp9v/index.m3u8
ViuTVsix,http://push.cdn1.hls123.de:8080/streams/5lthhpr4cx3/index.m3u8
Now新闻台,http://push.cdn1.hls123.de:8080/streams/zed7kdzyh1/index.m3u8
HOY TV,http://push.cdn1.hls123.de:8080/streams/dguce4v9b69/index.m3u8
HOY资讯台,http://push.cdn1.hls123.de:8080/streams/xeblk620c0e/index.m3u8
凤凰中文,http://push.cdn1.hls123.de:8080/streams/a4y2t99pzyi/index.m3u8
凤凰资讯,http://push.cdn1.hls123.de:8080/streams/0u0qd5ovqkg/index.m3u8
凤凰香港,http://push.cdn1.hls123.de:8080/streams/898y722sqjr/index.m3u8
澳视澳门,http://push.cdn1.hls123.de:8080/streams/2r8ba88ujh6/index.m3u8
澳视卫星,http://push.cdn1.hls123.de:8080/streams/gese9d57376/index.m3u8
澳门莲花,http://push.cdn1.hls123.de:8080/streams/8nsrl4s4evv/index.m3u8
